current directory: /Users/okuyamakenta/Program/jwork/vendor/bundle/ruby/3.1.0/gems/date-3.5.1/ext/date
/Users/okuyamakenta/.rbenv/versions/3.1.6/bin/ruby -I /Users/okuyamakenta/.rbenv/versions/3.1.6/lib/ruby/3.1.0 extconf.rb
checking for rb_category_warn()... yes
checking for timezone in time.h with  -Werror... no
checking for altzone in time.h with  -Werror... no
creating Makefile

current directory: /Users/okuyamakenta/Program/jwork/vendor/bundle/ruby/3.1.0/gems/date-3.5.1/ext/date
make DESTDIR\= sitearchdir\=./.gem.20260611-37280-qf7eta sitelibdir\=./.gem.20260611-37280-qf7eta clean

current directory: /Users/okuyamakenta/Program/jwork/vendor/bundle/ruby/3.1.0/gems/date-3.5.1/ext/date
make DESTDIR\= sitearchdir\=./.gem.20260611-37280-qf7eta sitelibdir\=./.gem.20260611-37280-qf7eta
compiling date_core.c
In file included from date_core.c:5:
In file included from /Users/okuyamakenta/.rbenv/versions/3.1.6/include/ruby-3.1.0/ruby.h:38:
In file included from /Users/okuyamakenta/.rbenv/versions/3.1.6/include/ruby-3.1.0/ruby/ruby.h:27:
In file included from /Users/okuyamakenta/.rbenv/versions/3.1.6/include/ruby-3.1.0/ruby/internal/arithmetic.h:23:
In file included from /Users/okuyamakenta/.rbenv/versions/3.1.6/include/ruby-3.1.0/ruby/internal/arithmetic/char.h:29:
/Users/okuyamakenta/.rbenv/versions/3.1.6/include/ruby-3.1.0/ruby/internal/core/rstring.h:464:24: warning: default initialization of an object of type 'struct RString' with const member leaves the object uninitialized [-Wdefault-const-init-field-unsafe]
  464 |         struct RString retval;
      |                        ^
/Users/okuyamakenta/.rbenv/versions/3.1.6/include/ruby-3.1.0/ruby/internal/core/rbasic.h:88:17: note: member 'klass' declared 'const' here
   88 |     const VALUE klass;
      |                 ^
1 warning generated.
compiling date_parse.c
In file included from date_parse.c:5:
In file included from /Users/okuyamakenta/.rbenv/versions/3.1.6/include/ruby-3.1.0/ruby.h:38:
In file included from /Users/okuyamakenta/.rbenv/versions/3.1.6/include/ruby-3.1.0/ruby/ruby.h:27:
In file included from /Users/okuyamakenta/.rbenv/versions/3.1.6/include/ruby-3.1.0/ruby/internal/arithmetic.h:23:
In file included from /Users/okuyamakenta/.rbenv/versions/3.1.6/include/ruby-3.1.0/ruby/internal/arithmetic/char.h:29:
/Users/okuyamakenta/.rbenv/versions/3.1.6/include/ruby-3.1.0/ruby/internal/core/rstring.h:464:24: warning: default initialization of an object of type 'struct RString' with const member leaves the object uninitialized [-Wdefault-const-init-field-unsafe]
  464 |         struct RString retval;
      |                        ^
/Users/okuyamakenta/.rbenv/versions/3.1.6/include/ruby-3.1.0/ruby/internal/core/rbasic.h:88:17: note: member 'klass' declared 'const' here
   88 |     const VALUE klass;
      |                 ^
1 warning generated.
compiling date_strftime.c
In file included from date_strftime.c:7:
In file included from /Users/okuyamakenta/.rbenv/versions/3.1.6/include/ruby-3.1.0/ruby/ruby.h:27:
In file included from /Users/okuyamakenta/.rbenv/versions/3.1.6/include/ruby-3.1.0/ruby/internal/arithmetic.h:23:
In file included from /Users/okuyamakenta/.rbenv/versions/3.1.6/include/ruby-3.1.0/ruby/internal/arithmetic/char.h:29:
/Users/okuyamakenta/.rbenv/versions/3.1.6/include/ruby-3.1.0/ruby/internal/core/rstring.h:464:24: warning: default initialization of an object of type 'struct RString' with const member leaves the object uninitialized [-Wdefault-const-init-field-unsafe]
  464 |         struct RString retval;
      |                        ^
/Users/okuyamakenta/.rbenv/versions/3.1.6/include/ruby-3.1.0/ruby/internal/core/rbasic.h:88:17: note: member 'klass' declared 'const' here
   88 |     const VALUE klass;
      |                 ^
1 warning generated.
compiling date_strptime.c
In file included from date_strptime.c:5:
In file included from /Users/okuyamakenta/.rbenv/versions/3.1.6/include/ruby-3.1.0/ruby.h:38:
In file included from /Users/okuyamakenta/.rbenv/versions/3.1.6/include/ruby-3.1.0/ruby/ruby.h:27:
In file included from /Users/okuyamakenta/.rbenv/versions/3.1.6/include/ruby-3.1.0/ruby/internal/arithmetic.h:23:
In file included from /Users/okuyamakenta/.rbenv/versions/3.1.6/include/ruby-3.1.0/ruby/internal/arithmetic/char.h:29:
/Users/okuyamakenta/.rbenv/versions/3.1.6/include/ruby-3.1.0/ruby/internal/core/rstring.h:464:24: warning: default initialization of an object of type 'struct RString' with const member leaves the object uninitialized [-Wdefault-const-init-field-unsafe]
  464 |         struct RString retval;
      |                        ^
/Users/okuyamakenta/.rbenv/versions/3.1.6/include/ruby-3.1.0/ruby/internal/core/rbasic.h:88:17: note: member 'klass' declared 'const' here
   88 |     const VALUE klass;
      |                 ^
1 warning generated.
linking shared-object date_core.bundle
ld: warning: ignoring duplicate libraries: '-lruby.3.1'

current directory: /Users/okuyamakenta/Program/jwork/vendor/bundle/ruby/3.1.0/gems/date-3.5.1/ext/date
make DESTDIR\= sitearchdir\=./.gem.20260611-37280-qf7eta sitelibdir\=./.gem.20260611-37280-qf7eta install
/opt/homebrew/bin/ginstall -c -m 0755 date_core.bundle ./.gem.20260611-37280-qf7eta
