current directory: /Users/okuyamakenta/Program/jwork/vendor/bundle/ruby/2.7.0/gems/bootsnap-1.11.1/ext/bootsnap
/Users/okuyamakenta/.rbenv/versions/2.7.3/bin/ruby -I /Users/okuyamakenta/.rbenv/versions/2.7.3/lib/ruby/2.7.0 -r ./siteconf20250218-49730-1lgwshd.rb extconf.rb
creating Makefile

current directory: /Users/okuyamakenta/Program/jwork/vendor/bundle/ruby/2.7.0/gems/bootsnap-1.11.1/ext/bootsnap
make "DESTDIR=" clean

current directory: /Users/okuyamakenta/Program/jwork/vendor/bundle/ruby/2.7.0/gems/bootsnap-1.11.1/ext/bootsnap
make "DESTDIR="
compiling bootsnap.c
bootsnap.c:160:84: warning: '(' and '{' tokens introducing statement expression appear in different macro expansion contexts [-Wcompound-token-split-by-macro]
  160 |   rb_cBootsnap_CompileCache_UNCOMPILABLE = rb_const_get(rb_mBootsnap_CompileCache, rb_intern("UNCOMPILABLE"));
      |                                                                                    ^~~~~~~~~~~~~~~~~~~~~~~~~
/Users/okuyamakenta/.rbenv/versions/2.7.3/include/ruby-2.7.0/ruby/ruby.h:1847:23: note: expanded from macro 'rb_intern'
 1847 |         __extension__ (RUBY_CONST_ID_CACHE((ID), (str))) : \
      |                       ^
bootsnap.c:160:84: note: '{' token is here
  160 |   rb_cBootsnap_CompileCache_UNCOMPILABLE = rb_const_get(rb_mBootsnap_CompileCache, rb_intern("UNCOMPILABLE"));
      |                                                                                    ^~~~~~~~~~~~~~~~~~~~~~~~~
/Users/okuyamakenta/.rbenv/versions/2.7.3/include/ruby-2.7.0/ruby/ruby.h:1847:24: note: expanded from macro 'rb_intern'
 1847 |         __extension__ (RUBY_CONST_ID_CACHE((ID), (str))) : \
      |                        ^~~~~~~~~~~~~~~~~~~~~~~~~~~~~~~~
/Users/okuyamakenta/.rbenv/versions/2.7.3/include/ruby-2.7.0/ruby/ruby.h:1832:5: note: expanded from macro 'RUBY_CONST_ID_CACHE'
 1832 |     {                                                   \
      |     ^
bootsnap.c:160:84: warning: '}' and ')' tokens terminating statement expression appear in different macro expansion contexts [-Wcompound-token-split-by-macro]
  160 |   rb_cBootsnap_CompileCache_UNCOMPILABLE = rb_const_get(rb_mBootsnap_CompileCache, rb_intern("UNCOMPILABLE"));
      |                                                                                    ^~~~~~~~~~~~~~~~~~~~~~~~~
/Users/okuyamakenta/.rbenv/versions/2.7.3/include/ruby-2.7.0/ruby/ruby.h:1847:24: note: expanded from macro 'rb_intern'
 1847 |         __extension__ (RUBY_CONST_ID_CACHE((ID), (str))) : \
      |                        ^~~~~~~~~~~~~~~~~~~~~~~~~~~~~~~~
/Users/okuyamakenta/.rbenv/versions/2.7.3/include/ruby-2.7.0/ruby/ruby.h:1837:5: note: expanded from macro 'RUBY_CONST_ID_CACHE'
 1837 |     }
      |     ^
bootsnap.c:160:84: note: ')' token is here
  160 |   rb_cBootsnap_CompileCache_UNCOMPILABLE = rb_const_get(rb_mBootsnap_CompileCache, rb_intern("UNCOMPILABLE"));
      |                                                                                    ^~~~~~~~~~~~~~~~~~~~~~~~~
/Users/okuyamakenta/.rbenv/versions/2.7.3/include/ruby-2.7.0/ruby/ruby.h:1847:56: note: expanded from macro 'rb_intern'
 1847 |         __extension__ (RUBY_CONST_ID_CACHE((ID), (str))) : \
      |                                                        ^
bootsnap.c:166:28: warning: '(' and '{' tokens introducing statement expression appear in different macro expansion contexts [-Wcompound-token-split-by-macro]
  166 |   instrumentation_method = rb_intern("_instrument");
      |                            ^~~~~~~~~~~~~~~~~~~~~~~~
/Users/okuyamakenta/.rbenv/versions/2.7.3/include/ruby-2.7.0/ruby/ruby.h:1847:23: note: expanded from macro 'rb_intern'
 1847 |         __extension__ (RUBY_CONST_ID_CACHE((ID), (str))) : \
      |                       ^
bootsnap.c:166:28: note: '{' token is here
  166 |   instrumentation_method = rb_intern("_instrument");
      |                            ^~~~~~~~~~~~~~~~~~~~~~~~
/Users/okuyamakenta/.rbenv/versions/2.7.3/include/ruby-2.7.0/ruby/ruby.h:1847:24: note: expanded from macro 'rb_intern'
 1847 |         __extension__ (RUBY_CONST_ID_CACHE((ID), (str))) : \
      |                        ^~~~~~~~~~~~~~~~~~~~~~~~~~~~~~~~
/Users/okuyamakenta/.rbenv/versions/2.7.3/include/ruby-2.7.0/ruby/ruby.h:1832:5: note: expanded from macro 'RUBY_CONST_ID_CACHE'
 1832 |     {                                                   \
      |     ^
bootsnap.c:166:28: warning: '}' and ')' tokens terminating statement expression appear in different macro expansion contexts [-Wcompound-token-split-by-macro]
  166 |   instrumentation_method = rb_intern("_instrument");
      |                            ^~~~~~~~~~~~~~~~~~~~~~~~
/Users/okuyamakenta/.rbenv/versions/2.7.3/include/ruby-2.7.0/ruby/ruby.h:1847:24: note: expanded from macro 'rb_intern'
 1847 |         __extension__ (RUBY_CONST_ID_CACHE((ID), (str))) : \
      |                        ^~~~~~~~~~~~~~~~~~~~~~~~~~~~~~~~
/Users/okuyamakenta/.rbenv/versions/2.7.3/include/ruby-2.7.0/ruby/ruby.h:1837:5: note: expanded from macro 'RUBY_CONST_ID_CACHE'
 1837 |     }
      |     ^
bootsnap.c:166:28: note: ')' token is here
  166 |   instrumentation_method = rb_intern("_instrument");
      |                            ^~~~~~~~~~~~~~~~~~~~~~~~
/Users/okuyamakenta/.rbenv/versions/2.7.3/include/ruby-2.7.0/ruby/ruby.h:1847:56: note: expanded from macro 'rb_intern'
 1847 |         __extension__ (RUBY_CONST_ID_CACHE((ID), (str))) : \
      |                                                        ^
bootsnap.c:168:21: warning: '(' and '{' tokens introducing statement expression appear in different macro expansion contexts [-Wcompound-token-split-by-macro]
  168 |   sym_miss = ID2SYM(rb_intern("miss"));
      |                     ^~~~~~~~~~~~~~~~~
/Users/okuyamakenta/.rbenv/versions/2.7.3/include/ruby-2.7.0/ruby/ruby.h:1847:23: note: expanded from macro 'rb_intern'
 1847 |         __extension__ (RUBY_CONST_ID_CACHE((ID), (str))) : \
      |                       ^
/Users/okuyamakenta/.rbenv/versions/2.7.3/include/ruby-2.7.0/ruby/ruby.h:414:29: note: expanded from macro 'ID2SYM'
  414 | #define ID2SYM(x) RB_ID2SYM(x)
      |                             ^
/Users/okuyamakenta/.rbenv/versions/2.7.3/include/ruby-2.7.0/ruby/ruby.h:409:33: note: expanded from macro 'RB_ID2SYM'
  409 | #define RB_ID2SYM(x) (rb_id2sym(x))
      |                                 ^
bootsnap.c:168:21: note: '{' token is here
  168 |   sym_miss = ID2SYM(rb_intern("miss"));
      |                     ^~~~~~~~~~~~~~~~~
/Users/okuyamakenta/.rbenv/versions/2.7.3/include/ruby-2.7.0/ruby/ruby.h:1847:24: note: expanded from macro 'rb_intern'
 1847 |         __extension__ (RUBY_CONST_ID_CACHE((ID), (str))) : \
      |                        ^~~~~~~~~~~~~~~~~~~~~~~~~~~~~~~~
/Users/okuyamakenta/.rbenv/versions/2.7.3/include/ruby-2.7.0/ruby/ruby.h:1832:5: note: expanded from macro 'RUBY_CONST_ID_CACHE'
 1832 |     {                                                   \
      |     ^
/Users/okuyamakenta/.rbenv/versions/2.7.3/include/ruby-2.7.0/ruby/ruby.h:414:29: note: expanded from macro 'ID2SYM'
  414 | #define ID2SYM(x) RB_ID2SYM(x)
      |                             ^
/Users/okuyamakenta/.rbenv/versions/2.7.3/include/ruby-2.7.0/ruby/ruby.h:409:33: note: expanded from macro 'RB_ID2SYM'
  409 | #define RB_ID2SYM(x) (rb_id2sym(x))
      |                                 ^
bootsnap.c:168:21: warning: '}' and ')' tokens terminating statement expression appear in different macro expansion contexts [-Wcompound-token-split-by-macro]
  168 |   sym_miss = ID2SYM(rb_intern("miss"));
      |                     ^~~~~~~~~~~~~~~~~
/Users/okuyamakenta/.rbenv/versions/2.7.3/include/ruby-2.7.0/ruby/ruby.h:1847:24: note: expanded from macro 'rb_intern'
 1847 |         __extension__ (RUBY_CONST_ID_CACHE((ID), (str))) : \
      |                        ^~~~~~~~~~~~~~~~~~~~~~~~~~~~~~~~
/Users/okuyamakenta/.rbenv/versions/2.7.3/include/ruby-2.7.0/ruby/ruby.h:1837:5: note: expanded from macro 'RUBY_CONST_ID_CACHE'
 1837 |     }
      |     ^
/Users/okuyamakenta/.rbenv/versions/2.7.3/include/ruby-2.7.0/ruby/ruby.h:414:29: note: expanded from macro 'ID2SYM'
  414 | #define ID2SYM(x) RB_ID2SYM(x)
      |                             ^
/Users/okuyamakenta/.rbenv/versions/2.7.3/include/ruby-2.7.0/ruby/ruby.h:409:33: note: expanded from macro 'RB_ID2SYM'
  409 | #define RB_ID2SYM(x) (rb_id2sym(x))
      |                                 ^
bootsnap.c:168:21: note: ')' token is here
  168 |   sym_miss = ID2SYM(rb_intern("miss"));
      |                     ^~~~~~~~~~~~~~~~~
/Users/okuyamakenta/.rbenv/versions/2.7.3/include/ruby-2.7.0/ruby/ruby.h:1847:56: note: expanded from macro 'rb_intern'
 1847 |         __extension__ (RUBY_CONST_ID_CACHE((ID), (str))) : \
      |                                                        ^
/Users/okuyamakenta/.rbenv/versions/2.7.3/include/ruby-2.7.0/ruby/ruby.h:414:29: note: expanded from macro 'ID2SYM'
  414 | #define ID2SYM(x) RB_ID2SYM(x)
      |                             ^
/Users/okuyamakenta/.rbenv/versions/2.7.3/include/ruby-2.7.0/ruby/ruby.h:409:33: note: expanded from macro 'RB_ID2SYM'
  409 | #define RB_ID2SYM(x) (rb_id2sym(x))
      |                                 ^
bootsnap.c:171:22: warning: '(' and '{' tokens introducing statement expression appear in different macro expansion contexts [-Wcompound-token-split-by-macro]
  171 |   sym_stale = ID2SYM(rb_intern("stale"));
      |                      ^~~~~~~~~~~~~~~~~~
/Users/okuyamakenta/.rbenv/versions/2.7.3/include/ruby-2.7.0/ruby/ruby.h:1847:23: note: expanded from macro 'rb_intern'
 1847 |         __extension__ (RUBY_CONST_ID_CACHE((ID), (str))) : \
      |                       ^
/Users/okuyamakenta/.rbenv/versions/2.7.3/include/ruby-2.7.0/ruby/ruby.h:414:29: note: expanded from macro 'ID2SYM'
  414 | #define ID2SYM(x) RB_ID2SYM(x)
      |                             ^
/Users/okuyamakenta/.rbenv/versions/2.7.3/include/ruby-2.7.0/ruby/ruby.h:409:33: note: expanded from macro 'RB_ID2SYM'
  409 | #define RB_ID2SYM(x) (rb_id2sym(x))
      |                                 ^
bootsnap.c:171:22: note: '{' token is here
  171 |   sym_stale = ID2SYM(rb_intern("stale"));
      |                      ^~~~~~~~~~~~~~~~~~
/Users/okuyamakenta/.rbenv/versions/2.7.3/include/ruby-2.7.0/ruby/ruby.h:1847:24: note: expanded from macro 'rb_intern'
 1847 |         __extension__ (RUBY_CONST_ID_CACHE((ID), (str))) : \
      |                        ^~~~~~~~~~~~~~~~~~~~~~~~~~~~~~~~
/Users/okuyamakenta/.rbenv/versions/2.7.3/include/ruby-2.7.0/ruby/ruby.h:1832:5: note: expanded from macro 'RUBY_CONST_ID_CACHE'
 1832 |     {                                                   \
      |     ^
/Users/okuyamakenta/.rbenv/versions/2.7.3/include/ruby-2.7.0/ruby/ruby.h:414:29: note: expanded from macro 'ID2SYM'
  414 | #define ID2SYM(x) RB_ID2SYM(x)
      |                             ^
/Users/okuyamakenta/.rbenv/versions/2.7.3/include/ruby-2.7.0/ruby/ruby.h:409:33: note: expanded from macro 'RB_ID2SYM'
  409 | #define RB_ID2SYM(x) (rb_id2sym(x))
      |                                 ^
bootsnap.c:171:22: warning: '}' and ')' tokens terminating statement expression appear in different macro expansion contexts [-Wcompound-token-split-by-macro]
  171 |   sym_stale = ID2SYM(rb_intern("stale"));
      |                      ^~~~~~~~~~~~~~~~~~
/Users/okuyamakenta/.rbenv/versions/2.7.3/include/ruby-2.7.0/ruby/ruby.h:1847:24: note: expanded from macro 'rb_intern'
 1847 |         __extension__ (RUBY_CONST_ID_CACHE((ID), (str))) : \
      |                        ^~~~~~~~~~~~~~~~~~~~~~~~~~~~~~~~
/Users/okuyamakenta/.rbenv/versions/2.7.3/include/ruby-2.7.0/ruby/ruby.h:1837:5: note: expanded from macro 'RUBY_CONST_ID_CACHE'
 1837 |     }
      |     ^
/Users/okuyamakenta/.rbenv/versions/2.7.3/include/ruby-2.7.0/ruby/ruby.h:414:29: note: expanded from macro 'ID2SYM'
  414 | #define ID2SYM(x) RB_ID2SYM(x)
      |                             ^
/Users/okuyamakenta/.rbenv/versions/2.7.3/include/ruby-2.7.0/ruby/ruby.h:409:33: note: expanded from macro 'RB_ID2SYM'
  409 | #define RB_ID2SYM(x) (rb_id2sym(x))
      |                                 ^
bootsnap.c:171:22: note: ')' token is here
  171 |   sym_stale = ID2SYM(rb_intern("stale"));
      |                      ^~~~~~~~~~~~~~~~~~
/Users/okuyamakenta/.rbenv/versions/2.7.3/include/ruby-2.7.0/ruby/ruby.h:1847:56: note: expanded from macro 'rb_intern'
 1847 |         __extension__ (RUBY_CONST_ID_CACHE((ID), (str))) : \
      |                                                        ^
/Users/okuyamakenta/.rbenv/versions/2.7.3/include/ruby-2.7.0/ruby/ruby.h:414:29: note: expanded from macro 'ID2SYM'
  414 | #define ID2SYM(x) RB_ID2SYM(x)
      |                             ^
/Users/okuyamakenta/.rbenv/versions/2.7.3/include/ruby-2.7.0/ruby/ruby.h:409:33: note: expanded from macro 'RB_ID2SYM'
  409 | #define RB_ID2SYM(x) (rb_id2sym(x))
      |                                 ^
bootsnap.c:261:44: warning: '(' and '{' tokens introducing statement expression appear in different macro expansion contexts [-Wcompound-token-split-by-macro]
  261 |   ruby_revision = rb_const_get(rb_cObject, rb_intern("RUBY_REVISION"));
      |                                            ^~~~~~~~~~~~~~~~~~~~~~~~~~
/Users/okuyamakenta/.rbenv/versions/2.7.3/include/ruby-2.7.0/ruby/ruby.h:1847:23: note: expanded from macro 'rb_intern'
 1847 |         __extension__ (RUBY_CONST_ID_CACHE((ID), (str))) : \
      |                       ^
bootsnap.c:261:44: note: '{' token is here
  261 |   ruby_revision = rb_const_get(rb_cObject, rb_intern("RUBY_REVISION"));
      |                                            ^~~~~~~~~~~~~~~~~~~~~~~~~~
/Users/okuyamakenta/.rbenv/versions/2.7.3/include/ruby-2.7.0/ruby/ruby.h:1847:24: note: expanded from macro 'rb_intern'
 1847 |         __extension__ (RUBY_CONST_ID_CACHE((ID), (str))) : \
      |                        ^~~~~~~~~~~~~~~~~~~~~~~~~~~~~~~~
/Users/okuyamakenta/.rbenv/versions/2.7.3/include/ruby-2.7.0/ruby/ruby.h:1832:5: note: expanded from macro 'RUBY_CONST_ID_CACHE'
 1832 |     {                                                   \
      |     ^
bootsnap.c:261:44: warning: '}' and ')' tokens terminating statement expression appear in different macro expansion contexts [-Wcompound-token-split-by-macro]
  261 |   ruby_revision = rb_const_get(rb_cObject, rb_intern("RUBY_REVISION"));
      |                                            ^~~~~~~~~~~~~~~~~~~~~~~~~~
/Users/okuyamakenta/.rbenv/versions/2.7.3/include/ruby-2.7.0/ruby/ruby.h:1847:24: note: expanded from macro 'rb_intern'
 1847 |         __extension__ (RUBY_CONST_ID_CACHE((ID), (str))) : \
      |                        ^~~~~~~~~~~~~~~~~~~~~~~~~~~~~~~~
/Users/okuyamakenta/.rbenv/versions/2.7.3/include/ruby-2.7.0/ruby/ruby.h:1837:5: note: expanded from macro 'RUBY_CONST_ID_CACHE'
 1837 |     }
      |     ^
bootsnap.c:261:44: note: ')' token is here
  261 |   ruby_revision = rb_const_get(rb_cObject, rb_intern("RUBY_REVISION"));
      |                                            ^~~~~~~~~~~~~~~~~~~~~~~~~~
/Users/okuyamakenta/.rbenv/versions/2.7.3/include/ruby-2.7.0/ruby/ruby.h:1847:56: note: expanded from macro 'rb_intern'
 1847 |         __extension__ (RUBY_CONST_ID_CACHE((ID), (str))) : \
      |                                                        ^
bootsnap.c:286:44: warning: '(' and '{' tokens introducing statement expression appear in different macro expansion contexts [-Wcompound-token-split-by-macro]
  286 |   ruby_platform = rb_const_get(rb_cObject, rb_intern("RUBY_PLATFORM"));
      |                                            ^~~~~~~~~~~~~~~~~~~~~~~~~~
/Users/okuyamakenta/.rbenv/versions/2.7.3/include/ruby-2.7.0/ruby/ruby.h:1847:23: note: expanded from macro 'rb_intern'
 1847 |         __extension__ (RUBY_CONST_ID_CACHE((ID), (str))) : \
      |                       ^
bootsnap.c:286:44: note: '{' token is here
  286 |   ruby_platform = rb_const_get(rb_cObject, rb_intern("RUBY_PLATFORM"));
      |                                            ^~~~~~~~~~~~~~~~~~~~~~~~~~
/Users/okuyamakenta/.rbenv/versions/2.7.3/include/ruby-2.7.0/ruby/ruby.h:1847:24: note: expanded from macro 'rb_intern'
 1847 |         __extension__ (RUBY_CONST_ID_CACHE((ID), (str))) : \
      |                        ^~~~~~~~~~~~~~~~~~~~~~~~~~~~~~~~
/Users/okuyamakenta/.rbenv/versions/2.7.3/include/ruby-2.7.0/ruby/ruby.h:1832:5: note: expanded from macro 'RUBY_CONST_ID_CACHE'
 1832 |     {                                                   \
      |     ^
bootsnap.c:286:44: warning: '}' and ')' tokens terminating statement expression appear in different macro expansion contexts [-Wcompound-token-split-by-macro]
  286 |   ruby_platform = rb_const_get(rb_cObject, rb_intern("RUBY_PLATFORM"));
      |                                            ^~~~~~~~~~~~~~~~~~~~~~~~~~
/Users/okuyamakenta/.rbenv/versions/2.7.3/include/ruby-2.7.0/ruby/ruby.h:1847:24: note: expanded from macro 'rb_intern'
 1847 |         __extension__ (RUBY_CONST_ID_CACHE((ID), (str))) : \
      |                        ^~~~~~~~~~~~~~~~~~~~~~~~~~~~~~~~
/Users/okuyamakenta/.rbenv/versions/2.7.3/include/ruby-2.7.0/ruby/ruby.h:1837:5: note: expanded from macro 'RUBY_CONST_ID_CACHE'
 1837 |     }
      |     ^
bootsnap.c:286:44: note: ')' token is here
  286 |   ruby_platform = rb_const_get(rb_cObject, rb_intern("RUBY_PLATFORM"));
      |                                            ^~~~~~~~~~~~~~~~~~~~~~~~~~
/Users/okuyamakenta/.rbenv/versions/2.7.3/include/ruby-2.7.0/ruby/ruby.h:1847:56: note: expanded from macro 'rb_intern'
 1847 |         __extension__ (RUBY_CONST_ID_CACHE((ID), (str))) : \
      |                                                        ^
bootsnap.c:952:36: warning: '(' and '{' tokens introducing statement expression appear in different macro expansion contexts [-Wcompound-token-split-by-macro]
  952 |   return rb_funcall(data->handler, rb_intern("storage_to_output"), 2, data->storage_data, data->args);
      |                                    ^~~~~~~~~~~~~~~~~~~~~~~~~~~~~~
/Users/okuyamakenta/.rbenv/versions/2.7.3/include/ruby-2.7.0/ruby/ruby.h:1847:23: note: expanded from macro 'rb_intern'
 1847 |         __extension__ (RUBY_CONST_ID_CACHE((ID), (str))) : \
      |                       ^
/Users/okuyamakenta/.rbenv/versions/2.7.3/include/ruby-2.7.0/ruby/ruby.h:2689:27: note: expanded from macro 'rb_funcall'
 2689 |         rb_funcallv(recv, mid, \
      |                           ^~~
bootsnap.c:952:36: note: '{' token is here
  952 |   return rb_funcall(data->handler, rb_intern("storage_to_output"), 2, data->storage_data, data->args);
      |                                    ^~~~~~~~~~~~~~~~~~~~~~~~~~~~~~
/Users/okuyamakenta/.rbenv/versions/2.7.3/include/ruby-2.7.0/ruby/ruby.h:1847:24: note: expanded from macro 'rb_intern'
 1847 |         __extension__ (RUBY_CONST_ID_CACHE((ID), (str))) : \
      |                        ^~~~~~~~~~~~~~~~~~~~~~~~~~~~~~~~
/Users/okuyamakenta/.rbenv/versions/2.7.3/include/ruby-2.7.0/ruby/ruby.h:1832:5: note: expanded from macro 'RUBY_CONST_ID_CACHE'
 1832 |     {                                                   \
      |     ^
/Users/okuyamakenta/.rbenv/versions/2.7.3/include/ruby-2.7.0/ruby/ruby.h:2689:27: note: expanded from macro 'rb_funcall'
 2689 |         rb_funcallv(recv, mid, \
      |                           ^~~
bootsnap.c:952:36: warning: '}' and ')' tokens terminating statement expression appear in different macro expansion contexts [-Wcompound-token-split-by-macro]
  952 |   return rb_funcall(data->handler, rb_intern("storage_to_output"), 2, data->storage_data, data->args);
      |                                    ^~~~~~~~~~~~~~~~~~~~~~~~~~~~~~
/Users/okuyamakenta/.rbenv/versions/2.7.3/include/ruby-2.7.0/ruby/ruby.h:1847:24: note: expanded from macro 'rb_intern'
 1847 |         __extension__ (RUBY_CONST_ID_CACHE((ID), (str))) : \
      |                        ^~~~~~~~~~~~~~~~~~~~~~~~~~~~~~~~
/Users/okuyamakenta/.rbenv/versions/2.7.3/include/ruby-2.7.0/ruby/ruby.h:1837:5: note: expanded from macro 'RUBY_CONST_ID_CACHE'
 1837 |     }
      |     ^
/Users/okuyamakenta/.rbenv/versions/2.7.3/include/ruby-2.7.0/ruby/ruby.h:2689:27: note: expanded from macro 'rb_funcall'
 2689 |         rb_funcallv(recv, mid, \
      |                           ^~~
bootsnap.c:952:36: note: ')' token is here
  952 |   return rb_funcall(data->handler, rb_intern("storage_to_output"), 2, data->storage_data, data->args);
      |                                    ^~~~~~~~~~~~~~~~~~~~~~~~~~~~~~
/Users/okuyamakenta/.rbenv/versions/2.7.3/include/ruby-2.7.0/ruby/ruby.h:1847:56: note: expanded from macro 'rb_intern'
 1847 |         __extension__ (RUBY_CONST_ID_CACHE((ID), (str))) : \
      |                                                        ^
/Users/okuyamakenta/.rbenv/versions/2.7.3/include/ruby-2.7.0/ruby/ruby.h:2689:27: note: expanded from macro 'rb_funcall'
 2689 |         rb_funcallv(recv, mid, \
      |                           ^~~
bootsnap.c:983:36: warning: '(' and '{' tokens introducing statement expression appear in different macro expansion contexts [-Wcompound-token-split-by-macro]
  983 |   return rb_funcall(data->handler, rb_intern("input_to_output"), 2, data->input_data, data->args);
      |                                    ^~~~~~~~~~~~~~~~~~~~~~~~~~~~
/Users/okuyamakenta/.rbenv/versions/2.7.3/include/ruby-2.7.0/ruby/ruby.h:1847:23: note: expanded from macro 'rb_intern'
 1847 |         __extension__ (RUBY_CONST_ID_CACHE((ID), (str))) : \
      |                       ^
/Users/okuyamakenta/.rbenv/versions/2.7.3/include/ruby-2.7.0/ruby/ruby.h:2689:27: note: expanded from macro 'rb_funcall'
 2689 |         rb_funcallv(recv, mid, \
      |                           ^~~
bootsnap.c:983:36: note: '{' token is here
  983 |   return rb_funcall(data->handler, rb_intern("input_to_output"), 2, data->input_data, data->args);
      |                                    ^~~~~~~~~~~~~~~~~~~~~~~~~~~~
/Users/okuyamakenta/.rbenv/versions/2.7.3/include/ruby-2.7.0/ruby/ruby.h:1847:24: note: expanded from macro 'rb_intern'
 1847 |         __extension__ (RUBY_CONST_ID_CACHE((ID), (str))) : \
      |                        ^~~~~~~~~~~~~~~~~~~~~~~~~~~~~~~~
/Users/okuyamakenta/.rbenv/versions/2.7.3/include/ruby-2.7.0/ruby/ruby.h:1832:5: note: expanded from macro 'RUBY_CONST_ID_CACHE'
 1832 |     {                                                   \
      |     ^
/Users/okuyamakenta/.rbenv/versions/2.7.3/include/ruby-2.7.0/ruby/ruby.h:2689:27: note: expanded from macro 'rb_funcall'
 2689 |         rb_funcallv(recv, mid, \
      |                           ^~~
bootsnap.c:983:36: warning: '}' and ')' tokens terminating statement expression appear in different macro expansion contexts [-Wcompound-token-split-by-macro]
  983 |   return rb_funcall(data->handler, rb_intern("input_to_output"), 2, data->input_data, data->args);
      |                                    ^~~~~~~~~~~~~~~~~~~~~~~~~~~~
/Users/okuyamakenta/.rbenv/versions/2.7.3/include/ruby-2.7.0/ruby/ruby.h:1847:24: note: expanded from macro 'rb_intern'
 1847 |         __extension__ (RUBY_CONST_ID_CACHE((ID), (str))) : \
      |                        ^~~~~~~~~~~~~~~~~~~~~~~~~~~~~~~~
/Users/okuyamakenta/.rbenv/versions/2.7.3/include/ruby-2.7.0/ruby/ruby.h:1837:5: note: expanded from macro 'RUBY_CONST_ID_CACHE'
 1837 |     }
      |     ^
/Users/okuyamakenta/.rbenv/versions/2.7.3/include/ruby-2.7.0/ruby/ruby.h:2689:27: note: expanded from macro 'rb_funcall'
 2689 |         rb_funcallv(recv, mid, \
      |                           ^~~
bootsnap.c:983:36: note: ')' token is here
  983 |   return rb_funcall(data->handler, rb_intern("input_to_output"), 2, data->input_data, data->args);
      |                                    ^~~~~~~~~~~~~~~~~~~~~~~~~~~~
/Users/okuyamakenta/.rbenv/versions/2.7.3/include/ruby-2.7.0/ruby/ruby.h:1847:56: note: expanded from macro 'rb_intern'
 1847 |         __extension__ (RUBY_CONST_ID_CACHE((ID), (str))) : \
      |                                                        ^
/Users/okuyamakenta/.rbenv/versions/2.7.3/include/ruby-2.7.0/ruby/ruby.h:2689:27: note: expanded from macro 'rb_funcall'
 2689 |         rb_funcallv(recv, mid, \
      |                           ^~~
bootsnap.c:990:36: warning: '(' and '{' tokens introducing statement expression appear in different macro expansion contexts [-Wcompound-token-split-by-macro]
  990 |   return rb_funcall(data->handler, rb_intern("input_to_storage"), 2, data->input_data, data->pathval);
      |                                    ^~~~~~~~~~~~~~~~~~~~~~~~~~~~~
/Users/okuyamakenta/.rbenv/versions/2.7.3/include/ruby-2.7.0/ruby/ruby.h:1847:23: note: expanded from macro 'rb_intern'
 1847 |         __extension__ (RUBY_CONST_ID_CACHE((ID), (str))) : \
      |                       ^
/Users/okuyamakenta/.rbenv/versions/2.7.3/include/ruby-2.7.0/ruby/ruby.h:2689:27: note: expanded from macro 'rb_funcall'
 2689 |         rb_funcallv(recv, mid, \
      |                           ^~~
bootsnap.c:990:36: note: '{' token is here
  990 |   return rb_funcall(data->handler, rb_intern("input_to_storage"), 2, data->input_data, data->pathval);
      |                                    ^~~~~~~~~~~~~~~~~~~~~~~~~~~~~
/Users/okuyamakenta/.rbenv/versions/2.7.3/include/ruby-2.7.0/ruby/ruby.h:1847:24: note: expanded from macro 'rb_intern'
 1847 |         __extension__ (RUBY_CONST_ID_CACHE((ID), (str))) : \
      |                        ^~~~~~~~~~~~~~~~~~~~~~~~~~~~~~~~
/Users/okuyamakenta/.rbenv/versions/2.7.3/include/ruby-2.7.0/ruby/ruby.h:1832:5: note: expanded from macro 'RUBY_CONST_ID_CACHE'
 1832 |     {                                                   \
      |     ^
/Users/okuyamakenta/.rbenv/versions/2.7.3/include/ruby-2.7.0/ruby/ruby.h:2689:27: note: expanded from macro 'rb_funcall'
 2689 |         rb_funcallv(recv, mid, \
      |                           ^~~
bootsnap.c:990:36: warning: '}' and ')' tokens terminating statement expression appear in different macro expansion contexts [-Wcompound-token-split-by-macro]
  990 |   return rb_funcall(data->handler, rb_intern("input_to_storage"), 2, data->input_data, data->pathval);
      |                                    ^~~~~~~~~~~~~~~~~~~~~~~~~~~~~
/Users/okuyamakenta/.rbenv/versions/2.7.3/include/ruby-2.7.0/ruby/ruby.h:1847:24: note: expanded from macro 'rb_intern'
 1847 |         __extension__ (RUBY_CONST_ID_CACHE((ID), (str))) : \
      |                        ^~~~~~~~~~~~~~~~~~~~~~~~~~~~~~~~
/Users/okuyamakenta/.rbenv/versions/2.7.3/include/ruby-2.7.0/ruby/ruby.h:1837:5: note: expanded from macro 'RUBY_CONST_ID_CACHE'
 1837 |     }
      |     ^
/Users/okuyamakenta/.rbenv/versions/2.7.3/include/ruby-2.7.0/ruby/ruby.h:2689:27: note: expanded from macro 'rb_funcall'
 2689 |         rb_funcallv(recv, mid, \
      |                           ^~~
bootsnap.c:990:36: note: ')' token is here
  990 |   return rb_funcall(data->handler, rb_intern("input_to_storage"), 2, data->input_data, data->pathval);
      |                                    ^~~~~~~~~~~~~~~~~~~~~~~~~~~~~
/Users/okuyamakenta/.rbenv/versions/2.7.3/include/ruby-2.7.0/ruby/ruby.h:1847:56: note: expanded from macro 'rb_intern'
 1847 |         __extension__ (RUBY_CONST_ID_CACHE((ID), (str))) : \
      |                                                        ^
/Users/okuyamakenta/.rbenv/versions/2.7.3/include/ruby-2.7.0/ruby/ruby.h:2689:27: note: expanded from macro 'rb_funcall'
 2689 |         rb_funcallv(recv, mid, \
      |                           ^~~
18 warnings generated.
linking shared-object bootsnap/bootsnap.bundle

current directory: /Users/okuyamakenta/Program/jwork/vendor/bundle/ruby/2.7.0/gems/bootsnap-1.11.1/ext/bootsnap
make "DESTDIR=" install
/opt/homebrew/bin/ginstall -c -m 0755 bootsnap.bundle ./.gem.20250218-49730-h4fo05/bootsnap
