current directory: /Users/okuyamakenta/Program/jwork/vendor/bundle/ruby/3.1.0/gems/racc-1.8.1/ext/racc/cparse
/Users/okuyamakenta/.rbenv/versions/3.1.6/bin/ruby -I /Users/okuyamakenta/.rbenv/versions/3.1.6/lib/ruby/3.1.0 extconf.rb
creating Makefile

current directory: /Users/okuyamakenta/Program/jwork/vendor/bundle/ruby/3.1.0/gems/racc-1.8.1/ext/racc/cparse
make DESTDIR\= sitearchdir\=./.gem.20260611-37280-y3wcxg sitelibdir\=./.gem.20260611-37280-y3wcxg clean

current directory: /Users/okuyamakenta/Program/jwork/vendor/bundle/ruby/3.1.0/gems/racc-1.8.1/ext/racc/cparse
make DESTDIR\= sitearchdir\=./.gem.20260611-37280-y3wcxg sitelibdir\=./.gem.20260611-37280-y3wcxg
compiling cparse.c
In file included from cparse.c:12:
In file included from /Users/okuyamakenta/.rbenv/versions/3.1.6/include/ruby-3.1.0/ruby.h:38:
In file included from /Users/okuyamakenta/.rbenv/versions/3.1.6/include/ruby-3.1.0/ruby/ruby.h:27:
In file included from /Users/okuyamakenta/.rbenv/versions/3.1.6/include/ruby-3.1.0/ruby/internal/arithmetic.h:23:
In file included from /Users/okuyamakenta/.rbenv/versions/3.1.6/include/ruby-3.1.0/ruby/internal/arithmetic/char.h:29:
/Users/okuyamakenta/.rbenv/versions/3.1.6/include/ruby-3.1.0/ruby/internal/core/rstring.h:464:24: warning: default initialization of an object of type 'struct RString' with const member leaves the object uninitialized [-Wdefault-const-init-field-unsafe]
  464 |         struct RString retval;
      |                        ^
/Users/okuyamakenta/.rbenv/versions/3.1.6/include/ruby-3.1.0/ruby/internal/core/rbasic.h:88:17: note: member 'klass' declared 'const' here
   88 |     const VALUE klass;
      |                 ^
1 warning generated.
linking shared-object racc/cparse.bundle
ld: warning: ignoring duplicate libraries: '-lruby.3.1'

current directory: /Users/okuyamakenta/Program/jwork/vendor/bundle/ruby/3.1.0/gems/racc-1.8.1/ext/racc/cparse
make DESTDIR\= sitearchdir\=./.gem.20260611-37280-y3wcxg sitelibdir\=./.gem.20260611-37280-y3wcxg install
/opt/homebrew/bin/ginstall -c -m 0755 cparse.bundle ./.gem.20260611-37280-y3wcxg/racc
