current directory: /Users/okuyamakenta/Program/jwork/vendor/bundle/ruby/3.1.0/gems/bootsnap-1.24.6/ext/bootsnap
/Users/okuyamakenta/.rbenv/versions/3.1.6/bin/ruby -I /Users/okuyamakenta/.rbenv/versions/3.1.6/lib/ruby/3.1.0 extconf.rb
checking for fdatasync() in unistd.h... yes
checking for fstatat() in sys/stat.h... yes
checking for whether -D_GNU_SOURCE is accepted as CPPFLAGS... no
checking for whether -O3 is accepted as CFLAGS... no
checking for whether -std=c99 is accepted as CFLAGS... no
creating Makefile

current directory: /Users/okuyamakenta/Program/jwork/vendor/bundle/ruby/3.1.0/gems/bootsnap-1.24.6/ext/bootsnap
make DESTDIR\= sitearchdir\=./.gem.20260611-37280-rehkf sitelibdir\=./.gem.20260611-37280-rehkf clean

current directory: /Users/okuyamakenta/Program/jwork/vendor/bundle/ruby/3.1.0/gems/bootsnap-1.24.6/ext/bootsnap
make DESTDIR\= sitearchdir\=./.gem.20260611-37280-rehkf sitelibdir\=./.gem.20260611-37280-rehkf
compiling bootsnap.c
In file included from bootsnap.c:14:
In file included from /Users/okuyamakenta/.rbenv/versions/3.1.6/include/ruby-3.1.0/ruby.h:38:
In file included from /Users/okuyamakenta/.rbenv/versions/3.1.6/include/ruby-3.1.0/ruby/ruby.h:27:
In file included from /Users/okuyamakenta/.rbenv/versions/3.1.6/include/ruby-3.1.0/ruby/internal/arithmetic.h:23:
In file included from /Users/okuyamakenta/.rbenv/versions/3.1.6/include/ruby-3.1.0/ruby/internal/arithmetic/char.h:29:
/Users/okuyamakenta/.rbenv/versions/3.1.6/include/ruby-3.1.0/ruby/internal/core/rstring.h:464:24: warning: default initialization of an object of type 'struct RString' with const member leaves the object uninitialized [-Wdefault-const-init-field-unsafe]
  464 |         struct RString retval;
      |                        ^
/Users/okuyamakenta/.rbenv/versions/3.1.6/include/ruby-3.1.0/ruby/internal/core/rbasic.h:88:17: note: member 'klass' declared 'const' here
   88 |     const VALUE klass;
      |                 ^
1 warning generated.
linking shared-object bootsnap/bootsnap.bundle
ld: warning: ignoring duplicate libraries: '-lruby.3.1'

current directory: /Users/okuyamakenta/Program/jwork/vendor/bundle/ruby/3.1.0/gems/bootsnap-1.24.6/ext/bootsnap
make DESTDIR\= sitearchdir\=./.gem.20260611-37280-rehkf sitelibdir\=./.gem.20260611-37280-rehkf install
/opt/homebrew/bin/ginstall -c -m 0755 bootsnap.bundle ./.gem.20260611-37280-rehkf/bootsnap
