have_library: checking for BIO_read() in -lcrypto... -------------------- yes

DYLD_FALLBACK_LIBRARY_PATH=.:/Users/okuyamakenta/.rbenv/versions/3.1.6/lib "clang -o conftest -I/Users/okuyamakenta/.rbenv/versions/3.1.6/include/ruby-3.1.0/arm64-darwin23 -I/Users/okuyamakenta/.rbenv/versions/3.1.6/include/ruby-3.1.0/ruby/backward -I/Users/okuyamakenta/.rbenv/versions/3.1.6/include/ruby-3.1.0 -I. -I/opt/homebrew/opt/openssl@3/include -I/usr/local/opt/openssl@3/include -D_XOPEN_SOURCE -D_DARWIN_C_SOURCE -D_DARWIN_UNLIMITED_SELECT -D_REENTRANT   -Wno-error=implicit-function-declaration -Wno-error=incompatible-function-pointer-types -Wno-error=int-conversion  -fdeclspec -O3 -fno-fast-math -ggdb3 -Wall -Wextra -Wdeprecated-declarations -Wdivision-by-zero -Wimplicit-function-declaration -Wimplicit-int -Wmisleading-indentation -Wpointer-arith -Wshorten-64-to-32 -Wwrite-strings -Wold-style-definition -Wmissing-noreturn -Wno-cast-function-type -Wno-constant-logical-operand -Wno-long-long -Wno-missing-field-initializers -Wno-overlength-strings -Wno-parentheses-equality -Wno-self-assign -Wno-tautological-compare -Wno-unused-parameter -Wno-unused-value -Wunused-variable -Wextra-tokens -Wundef -fno-common -pipe conftest.c  -L. -L/Users/okuyamakenta/.rbenv/versions/3.1.6/lib -L/opt/homebrew/opt/openssl@3/lib -L. -L/usr/local/opt/openssl@3/lib -fstack-protector-strong -L/opt/homebrew/opt/gmp/lib -L/usr/local/lib     -lruby.3.1   "
In file included from conftest.c:1:
In file included from /Users/okuyamakenta/.rbenv/versions/3.1.6/include/ruby-3.1.0/ruby.h:38:
In file included from /Users/okuyamakenta/.rbenv/versions/3.1.6/include/ruby-3.1.0/ruby/ruby.h:27:
In file included from /Users/okuyamakenta/.rbenv/versions/3.1.6/include/ruby-3.1.0/ruby/internal/arithmetic.h:23:
In file included from /Users/okuyamakenta/.rbenv/versions/3.1.6/include/ruby-3.1.0/ruby/internal/arithmetic/char.h:29:
/Users/okuyamakenta/.rbenv/versions/3.1.6/include/ruby-3.1.0/ruby/internal/core/rstring.h:464:24: warning: default initialization of an object of type 'struct RString' with const member leaves the object uninitialized [-Wdefault-const-init-field-unsafe]
  464 |         struct RString retval;
      |                        ^
/Users/okuyamakenta/.rbenv/versions/3.1.6/include/ruby-3.1.0/ruby/internal/core/rbasic.h:88:17: note: member 'klass' declared 'const' here
   88 |     const VALUE klass;
      |                 ^
1 warning generated.
checked program was:
/* begin */
1: #include "ruby.h"
2: 
3: int main(int argc, char **argv)
4: {
5:   return !!argv[argc];
6: }
/* end */

DYLD_FALLBACK_LIBRARY_PATH=.:/Users/okuyamakenta/.rbenv/versions/3.1.6/lib "clang -o conftest -I/Users/okuyamakenta/.rbenv/versions/3.1.6/include/ruby-3.1.0/arm64-darwin23 -I/Users/okuyamakenta/.rbenv/versions/3.1.6/include/ruby-3.1.0/ruby/backward -I/Users/okuyamakenta/.rbenv/versions/3.1.6/include/ruby-3.1.0 -I. -I/opt/homebrew/opt/openssl@3/include -I/usr/local/opt/openssl@3/include -D_XOPEN_SOURCE -D_DARWIN_C_SOURCE -D_DARWIN_UNLIMITED_SELECT -D_REENTRANT   -Wno-error=implicit-function-declaration -Wno-error=incompatible-function-pointer-types -Wno-error=int-conversion  -fdeclspec -O3 -fno-fast-math -ggdb3 -Wall -Wextra -Wdeprecated-declarations -Wdivision-by-zero -Wimplicit-function-declaration -Wimplicit-int -Wmisleading-indentation -Wpointer-arith -Wshorten-64-to-32 -Wwrite-strings -Wold-style-definition -Wmissing-noreturn -Wno-cast-function-type -Wno-constant-logical-operand -Wno-long-long -Wno-missing-field-initializers -Wno-overlength-strings -Wno-parentheses-equality -Wno-self-assign -Wno-tautological-compare -Wno-unused-parameter -Wno-unused-value -Wunused-variable -Wextra-tokens -Wundef -fno-common -pipe conftest.c  -L. -L/Users/okuyamakenta/.rbenv/versions/3.1.6/lib -L/opt/homebrew/opt/openssl@3/lib -L. -L/usr/local/opt/openssl@3/lib -fstack-protector-strong -L/opt/homebrew/opt/gmp/lib -L/usr/local/lib     -lruby.3.1 -lcrypto   "
In file included from conftest.c:1:
In file included from /Users/okuyamakenta/.rbenv/versions/3.1.6/include/ruby-3.1.0/ruby.h:38:
In file included from /Users/okuyamakenta/.rbenv/versions/3.1.6/include/ruby-3.1.0/ruby/ruby.h:27:
In file included from /Users/okuyamakenta/.rbenv/versions/3.1.6/include/ruby-3.1.0/ruby/internal/arithmetic.h:23:
In file included from /Users/okuyamakenta/.rbenv/versions/3.1.6/include/ruby-3.1.0/ruby/internal/arithmetic/char.h:29:
/Users/okuyamakenta/.rbenv/versions/3.1.6/include/ruby-3.1.0/ruby/internal/core/rstring.h:464:24: warning: default initialization of an object of type 'struct RString' with const member leaves the object uninitialized [-Wdefault-const-init-field-unsafe]
  464 |         struct RString retval;
      |                        ^
/Users/okuyamakenta/.rbenv/versions/3.1.6/include/ruby-3.1.0/ruby/internal/core/rbasic.h:88:17: note: member 'klass' declared 'const' here
   88 |     const VALUE klass;
      |                 ^
conftest.c:14:57: error: use of undeclared identifier 'BIO_read'
   14 | int t(void) { void ((*volatile p)()); p = (void ((*)()))BIO_read; return !p; }
      |                                                         ^~~~~~~~
1 warning and 1 error generated.
checked program was:
/* begin */
 1: #include "ruby.h"
 2: 
 3: /*top*/
 4: extern int t(void);
 5: int main(int argc, char **argv)
 6: {
 7:   if (argc > 1000000) {
 8:     int (* volatile tp)(void)=(int (*)(void))&t;
 9:     printf("%d", (*tp)());
10:   }
11: 
12:   return !!argv[argc];
13: }
14: int t(void) { void ((*volatile p)()); p = (void ((*)()))BIO_read; return !p; }
/* end */

DYLD_FALLBACK_LIBRARY_PATH=.:/Users/okuyamakenta/.rbenv/versions/3.1.6/lib "clang -o conftest -I/Users/okuyamakenta/.rbenv/versions/3.1.6/include/ruby-3.1.0/arm64-darwin23 -I/Users/okuyamakenta/.rbenv/versions/3.1.6/include/ruby-3.1.0/ruby/backward -I/Users/okuyamakenta/.rbenv/versions/3.1.6/include/ruby-3.1.0 -I. -I/opt/homebrew/opt/openssl@3/include -I/usr/local/opt/openssl@3/include -D_XOPEN_SOURCE -D_DARWIN_C_SOURCE -D_DARWIN_UNLIMITED_SELECT -D_REENTRANT   -Wno-error=implicit-function-declaration -Wno-error=incompatible-function-pointer-types -Wno-error=int-conversion  -fdeclspec -O3 -fno-fast-math -ggdb3 -Wall -Wextra -Wdeprecated-declarations -Wdivision-by-zero -Wimplicit-function-declaration -Wimplicit-int -Wmisleading-indentation -Wpointer-arith -Wshorten-64-to-32 -Wwrite-strings -Wold-style-definition -Wmissing-noreturn -Wno-cast-function-type -Wno-constant-logical-operand -Wno-long-long -Wno-missing-field-initializers -Wno-overlength-strings -Wno-parentheses-equality -Wno-self-assign -Wno-tautological-compare -Wno-unused-parameter -Wno-unused-value -Wunused-variable -Wextra-tokens -Wundef -fno-common -pipe conftest.c  -L. -L/Users/okuyamakenta/.rbenv/versions/3.1.6/lib -L/opt/homebrew/opt/openssl@3/lib -L. -L/usr/local/opt/openssl@3/lib -fstack-protector-strong -L/opt/homebrew/opt/gmp/lib -L/usr/local/lib     -lruby.3.1 -lcrypto   "
In file included from conftest.c:1:
In file included from /Users/okuyamakenta/.rbenv/versions/3.1.6/include/ruby-3.1.0/ruby.h:38:
In file included from /Users/okuyamakenta/.rbenv/versions/3.1.6/include/ruby-3.1.0/ruby/ruby.h:27:
In file included from /Users/okuyamakenta/.rbenv/versions/3.1.6/include/ruby-3.1.0/ruby/internal/arithmetic.h:23:
In file included from /Users/okuyamakenta/.rbenv/versions/3.1.6/include/ruby-3.1.0/ruby/internal/arithmetic/char.h:29:
/Users/okuyamakenta/.rbenv/versions/3.1.6/include/ruby-3.1.0/ruby/internal/core/rstring.h:464:24: warning: default initialization of an object of type 'struct RString' with const member leaves the object uninitialized [-Wdefault-const-init-field-unsafe]
  464 |         struct RString retval;
      |                        ^
/Users/okuyamakenta/.rbenv/versions/3.1.6/include/ruby-3.1.0/ruby/internal/core/rbasic.h:88:17: note: member 'klass' declared 'const' here
   88 |     const VALUE klass;
      |                 ^
1 warning generated.
checked program was:
/* begin */
 1: #include "ruby.h"
 2: 
 3: /*top*/
 4: extern int t(void);
 5: int main(int argc, char **argv)
 6: {
 7:   if (argc > 1000000) {
 8:     int (* volatile tp)(void)=(int (*)(void))&t;
 9:     printf("%d", (*tp)());
10:   }
11: 
12:   return !!argv[argc];
13: }
14: extern void BIO_read();
15: int t(void) { BIO_read(); return 0; }
/* end */

--------------------

have_library: checking for SSL_CTX_new() in -lssl... -------------------- yes

DYLD_FALLBACK_LIBRARY_PATH=.:/Users/okuyamakenta/.rbenv/versions/3.1.6/lib "clang -o conftest -I/Users/okuyamakenta/.rbenv/versions/3.1.6/include/ruby-3.1.0/arm64-darwin23 -I/Users/okuyamakenta/.rbenv/versions/3.1.6/include/ruby-3.1.0/ruby/backward -I/Users/okuyamakenta/.rbenv/versions/3.1.6/include/ruby-3.1.0 -I. -I/opt/homebrew/opt/openssl@3/include -I/usr/local/opt/openssl@3/include -D_XOPEN_SOURCE -D_DARWIN_C_SOURCE -D_DARWIN_UNLIMITED_SELECT -D_REENTRANT   -Wno-error=implicit-function-declaration -Wno-error=incompatible-function-pointer-types -Wno-error=int-conversion  -fdeclspec -O3 -fno-fast-math -ggdb3 -Wall -Wextra -Wdeprecated-declarations -Wdivision-by-zero -Wimplicit-function-declaration -Wimplicit-int -Wmisleading-indentation -Wpointer-arith -Wshorten-64-to-32 -Wwrite-strings -Wold-style-definition -Wmissing-noreturn -Wno-cast-function-type -Wno-constant-logical-operand -Wno-long-long -Wno-missing-field-initializers -Wno-overlength-strings -Wno-parentheses-equality -Wno-self-assign -Wno-tautological-compare -Wno-unused-parameter -Wno-unused-value -Wunused-variable -Wextra-tokens -Wundef -fno-common -pipe conftest.c  -L. -L/Users/okuyamakenta/.rbenv/versions/3.1.6/lib -L/opt/homebrew/opt/openssl@3/lib -L. -L/usr/local/opt/openssl@3/lib -fstack-protector-strong -L/opt/homebrew/opt/gmp/lib -L/usr/local/lib    -lcrypto  -lruby.3.1 -lssl -lcrypto   "
In file included from conftest.c:1:
In file included from /Users/okuyamakenta/.rbenv/versions/3.1.6/include/ruby-3.1.0/ruby.h:38:
In file included from /Users/okuyamakenta/.rbenv/versions/3.1.6/include/ruby-3.1.0/ruby/ruby.h:27:
In file included from /Users/okuyamakenta/.rbenv/versions/3.1.6/include/ruby-3.1.0/ruby/internal/arithmetic.h:23:
In file included from /Users/okuyamakenta/.rbenv/versions/3.1.6/include/ruby-3.1.0/ruby/internal/arithmetic/char.h:29:
/Users/okuyamakenta/.rbenv/versions/3.1.6/include/ruby-3.1.0/ruby/internal/core/rstring.h:464:24: warning: default initialization of an object of type 'struct RString' with const member leaves the object uninitialized [-Wdefault-const-init-field-unsafe]
  464 |         struct RString retval;
      |                        ^
/Users/okuyamakenta/.rbenv/versions/3.1.6/include/ruby-3.1.0/ruby/internal/core/rbasic.h:88:17: note: member 'klass' declared 'const' here
   88 |     const VALUE klass;
      |                 ^
conftest.c:14:57: error: use of undeclared identifier 'SSL_CTX_new'
   14 | int t(void) { void ((*volatile p)()); p = (void ((*)()))SSL_CTX_new; return !p; }
      |                                                         ^~~~~~~~~~~
1 warning and 1 error generated.
checked program was:
/* begin */
 1: #include "ruby.h"
 2: 
 3: /*top*/
 4: extern int t(void);
 5: int main(int argc, char **argv)
 6: {
 7:   if (argc > 1000000) {
 8:     int (* volatile tp)(void)=(int (*)(void))&t;
 9:     printf("%d", (*tp)());
10:   }
11: 
12:   return !!argv[argc];
13: }
14: int t(void) { void ((*volatile p)()); p = (void ((*)()))SSL_CTX_new; return !p; }
/* end */

DYLD_FALLBACK_LIBRARY_PATH=.:/Users/okuyamakenta/.rbenv/versions/3.1.6/lib "clang -o conftest -I/Users/okuyamakenta/.rbenv/versions/3.1.6/include/ruby-3.1.0/arm64-darwin23 -I/Users/okuyamakenta/.rbenv/versions/3.1.6/include/ruby-3.1.0/ruby/backward -I/Users/okuyamakenta/.rbenv/versions/3.1.6/include/ruby-3.1.0 -I. -I/opt/homebrew/opt/openssl@3/include -I/usr/local/opt/openssl@3/include -D_XOPEN_SOURCE -D_DARWIN_C_SOURCE -D_DARWIN_UNLIMITED_SELECT -D_REENTRANT   -Wno-error=implicit-function-declaration -Wno-error=incompatible-function-pointer-types -Wno-error=int-conversion  -fdeclspec -O3 -fno-fast-math -ggdb3 -Wall -Wextra -Wdeprecated-declarations -Wdivision-by-zero -Wimplicit-function-declaration -Wimplicit-int -Wmisleading-indentation -Wpointer-arith -Wshorten-64-to-32 -Wwrite-strings -Wold-style-definition -Wmissing-noreturn -Wno-cast-function-type -Wno-constant-logical-operand -Wno-long-long -Wno-missing-field-initializers -Wno-overlength-strings -Wno-parentheses-equality -Wno-self-assign -Wno-tautological-compare -Wno-unused-parameter -Wno-unused-value -Wunused-variable -Wextra-tokens -Wundef -fno-common -pipe conftest.c  -L. -L/Users/okuyamakenta/.rbenv/versions/3.1.6/lib -L/opt/homebrew/opt/openssl@3/lib -L. -L/usr/local/opt/openssl@3/lib -fstack-protector-strong -L/opt/homebrew/opt/gmp/lib -L/usr/local/lib    -lcrypto  -lruby.3.1 -lssl -lcrypto   "
In file included from conftest.c:1:
In file included from /Users/okuyamakenta/.rbenv/versions/3.1.6/include/ruby-3.1.0/ruby.h:38:
In file included from /Users/okuyamakenta/.rbenv/versions/3.1.6/include/ruby-3.1.0/ruby/ruby.h:27:
In file included from /Users/okuyamakenta/.rbenv/versions/3.1.6/include/ruby-3.1.0/ruby/internal/arithmetic.h:23:
In file included from /Users/okuyamakenta/.rbenv/versions/3.1.6/include/ruby-3.1.0/ruby/internal/arithmetic/char.h:29:
/Users/okuyamakenta/.rbenv/versions/3.1.6/include/ruby-3.1.0/ruby/internal/core/rstring.h:464:24: warning: default initialization of an object of type 'struct RString' with const member leaves the object uninitialized [-Wdefault-const-init-field-unsafe]
  464 |         struct RString retval;
      |                        ^
/Users/okuyamakenta/.rbenv/versions/3.1.6/include/ruby-3.1.0/ruby/internal/core/rbasic.h:88:17: note: member 'klass' declared 'const' here
   88 |     const VALUE klass;
      |                 ^
1 warning generated.
ld: warning: ignoring duplicate libraries: '-lcrypto'
checked program was:
/* begin */
 1: #include "ruby.h"
 2: 
 3: /*top*/
 4: extern int t(void);
 5: int main(int argc, char **argv)
 6: {
 7:   if (argc > 1000000) {
 8:     int (* volatile tp)(void)=(int (*)(void))&t;
 9:     printf("%d", (*tp)());
10:   }
11: 
12:   return !!argv[argc];
13: }
14: extern void SSL_CTX_new();
15: int t(void) { SSL_CTX_new(); return 0; }
/* end */

--------------------

have_header: checking for openssl/bio.h... -------------------- yes

DYLD_FALLBACK_LIBRARY_PATH=.:/Users/okuyamakenta/.rbenv/versions/3.1.6/lib "clang -I/Users/okuyamakenta/.rbenv/versions/3.1.6/include/ruby-3.1.0/arm64-darwin23 -I/Users/okuyamakenta/.rbenv/versions/3.1.6/include/ruby-3.1.0/ruby/backward -I/Users/okuyamakenta/.rbenv/versions/3.1.6/include/ruby-3.1.0 -I. -I/opt/homebrew/opt/openssl@3/include -I/usr/local/opt/openssl@3/include -D_XOPEN_SOURCE -D_DARWIN_C_SOURCE -D_DARWIN_UNLIMITED_SELECT -D_REENTRANT   -Wno-error=implicit-function-declaration -Wno-error=incompatible-function-pointer-types -Wno-error=int-conversion  -fdeclspec -O3 -fno-fast-math -ggdb3 -Wall -Wextra -Wdeprecated-declarations -Wdivision-by-zero -Wimplicit-function-declaration -Wimplicit-int -Wmisleading-indentation -Wpointer-arith -Wshorten-64-to-32 -Wwrite-strings -Wold-style-definition -Wmissing-noreturn -Wno-cast-function-type -Wno-constant-logical-operand -Wno-long-long -Wno-missing-field-initializers -Wno-overlength-strings -Wno-parentheses-equality -Wno-self-assign -Wno-tautological-compare -Wno-unused-parameter -Wno-unused-value -Wunused-variable -Wextra-tokens -Wundef -fno-common -pipe   -c conftest.c"
In file included from conftest.c:1:
In file included from /Users/okuyamakenta/.rbenv/versions/3.1.6/include/ruby-3.1.0/ruby.h:38:
In file included from /Users/okuyamakenta/.rbenv/versions/3.1.6/include/ruby-3.1.0/ruby/ruby.h:27:
In file included from /Users/okuyamakenta/.rbenv/versions/3.1.6/include/ruby-3.1.0/ruby/internal/arithmetic.h:23:
In file included from /Users/okuyamakenta/.rbenv/versions/3.1.6/include/ruby-3.1.0/ruby/internal/arithmetic/char.h:29:
/Users/okuyamakenta/.rbenv/versions/3.1.6/include/ruby-3.1.0/ruby/internal/core/rstring.h:464:24: warning: default initialization of an object of type 'struct RString' with const member leaves the object uninitialized [-Wdefault-const-init-field-unsafe]
  464 |         struct RString retval;
      |                        ^
/Users/okuyamakenta/.rbenv/versions/3.1.6/include/ruby-3.1.0/ruby/internal/core/rbasic.h:88:17: note: member 'klass' declared 'const' here
   88 |     const VALUE klass;
      |                 ^
1 warning generated.
checked program was:
/* begin */
1: #include "ruby.h"
2: 
3: #include <openssl/bio.h>
/* end */

--------------------

